{
  "info": {
    "title": "Cats API",
    "version": "v1"
  },
  "tags": [
  ],
  "servers": [
    {
      "url": "/"
    }
  ],
  "paths": {
    "/v1/cats": {
      "get": {
        "summary": "List Cats",
        "tags": [
          ""
        ],
        "parameters": [
        ],
        "responses": {
          "200": {
            "description": "OK",
            "content": {
              "application/json": {
                "example": [
                  {
                    "id": "133a6c37-2ddd-4eea-ae10-42bcfa00af42",
                    "userId": "admin",
                    "createdAt": "2020-04-04T00:00:00Z",
                    "name": "Cat Name",
                    "dateOfBirth": "2022-01-01",
                    "breed": "Breed name",
                    "color": "brown greyish"
                  }
                ],
                "schema": {
                  "items": {
                    "$ref": "#/components/schemas/Cat"
                  },
                  "example": [
                    {
                      "id": "133a6c37-2ddd-4eea-ae10-42bcfa00af42",
                      "userId": "admin",
                      "createdAt": "2020-04-04T00:00:00Z",
                      "name": "Cat Name",
                      "dateOfBirth": "2022-01-01",
                      "breed": "Breed name",
                      "color": "brown greyish"
                    }
                  ],
                  "type": "array",
                  "nullable": false
                }
              }
            }
          }
        },
        "security": [
        ],
        "operationId": "v1ListCats",
        "deprecated": false
      },
      "post": {
        "summary": "Create Cat",
        "tags": [
          ""
        ],
        "parameters": [
        ],
        "requestBody": {
          "content": {
            "application/json": {
              "example": {
                "name": "Cat Name",
                "dateOfBirth": "2022-01-01",
                "breed": "Breed name",
                "color": "brown greyish"
              },
              "schema": {
                "$ref": "#/components/schemas/CatDto"
              }
            }
          },
          "required": true
        },
        "responses": {
          "200": {
            "description": "OK",
            "content": {
              "application/json": {
                "example": {
                  "id": "133a6c37-2ddd-4eea-ae10-42bcfa00af42",
                  "userId": "admin",
                  "createdAt": "2020-04-04T00:00:00Z",
                  "name": "Cat Name",
                  "dateOfBirth": "2022-01-01",
                  "breed": "Breed name",
                  "color": "brown greyish"
                },
                "schema": {
                  "$ref": "#/components/schemas/Cat"
                }
              }
            }
          },
          "401": {
            "description": "bearer token required",
            "content": {
            }
          }
        },
        "security": [
          {
            "googleAuth": [
            ]
          }
        ],
        "operationId": "v1CreateCat",
        "deprecated": false
      }
    },
    "/v1/cats/{catIdUsingLens}": {
      "delete": {
        "summary": "Delete Cat",
        "tags": [
          ""
        ],
        "parameters": [
          {
            "schema": {
              "type": "string"
            },
            "in": "path",
            "name": "catIdUsingLens",
            "required": true
          }
        ],
        "responses": {
          "200": {
            "description": "OK",
            "content": {
              "application/json": {
                "example": {
                  "id": "133a6c37-2ddd-4eea-ae10-42bcfa00af42",
                  "userId": "admin",
                  "createdAt": "2020-04-04T00:00:00Z",
                  "name": "Cat Name",
                  "dateOfBirth": "2022-01-01",
                  "breed": "Breed name",
                  "color": "brown greyish"
                },
                "schema": {
                  "$ref": "#/components/schemas/Cat"
                }
              }
            }
          },
          "401": {
            "description": "bearer token required",
            "content": {
            }
          },
          "403": {
            "description": "don't have permission to delete cat",
            "content": {
            }
          }
        },
        "security": [
          {
            "googleAuth": [
            ]
          }
        ],
        "operationId": "v1DeleteCat",
        "deprecated": false
      },
      "get": {
        "summary": "Get Cat",
        "tags": [
          ""
        ],
        "parameters": [
          {
            "schema": {
              "type": "string"
            },
            "in": "path",
            "name": "catIdUsingLens",
            "required": true
          }
        ],
        "responses": {
          "200": {
            "description": "OK",
            "content": {
              "application/json": {
                "example": {
                  "id": "133a6c37-2ddd-4eea-ae10-42bcfa00af42",
                  "userId": "admin",
                  "createdAt": "2020-04-04T00:00:00Z",
                  "name": "Cat Name",
                  "dateOfBirth": "2022-01-01",
                  "breed": "Breed name",
                  "color": "brown greyish"
                },
                "schema": {
                  "$ref": "#/components/schemas/Cat"
                }
              }
            }
          },
          "404": {
            "description": "cat not found",
            "content": {
            }
          }
        },
        "security": [
        ],
        "operationId": "v1GetCat",
        "deprecated": false
      }
    }
  },
  "components": {
    "schemas": {
      "Cat": {
        "properties": {
          "id": {
            "example": "133a6c37-2ddd-4eea-ae10-42bcfa00af42",
            "format": "uuid",
            "type": "string",
            "nullable": false
          },
          "userId": {
            "example": "admin",
            "type": "string",
            "nullable": false
          },
          "createdAt": {
            "example": "2020-04-04T00:00:00Z",
            "format": "date-time",
            "type": "string",
            "nullable": false
          },
          "name": {
            "example": "Cat Name",
            "type": "string",
            "nullable": false
          },
          "dateOfBirth": {
            "example": "2022-01-01",
            "format": "date",
            "type": "string",
            "nullable": false
          },
          "breed": {
            "example": "Breed name",
            "type": "string",
            "nullable": false
          },
          "color": {
            "example": "brown greyish",
            "type": "string",
            "nullable": false
          }
        },
        "example": {
          "id": "133a6c37-2ddd-4eea-ae10-42bcfa00af42",
          "userId": "admin",
          "createdAt": "2020-04-04T00:00:00Z",
          "name": "Cat Name",
          "dateOfBirth": "2022-01-01",
          "breed": "Breed name",
          "color": "brown greyish"
        },
        "type": "object",
        "required": [
          "breed",
          "color",
          "createdAt",
          "dateOfBirth",
          "id",
          "name",
          "userId"
        ]
      },
      "CatDto": {
        "properties": {
          "name": {
            "example": "Cat Name",
            "type": "string",
            "nullable": true
          },
          "dateOfBirth": {
            "example": "2022-01-01",
            "format": "date",
            "type": "string",
            "nullable": false
          },
          "breed": {
            "example": "Breed name",
            "type": "string",
            "nullable": false
          },
          "color": {
            "example": "brown greyish",
            "type": "string",
            "nullable": false
          }
        },
        "example": {
          "name": "Cat Name",
          "dateOfBirth": "2022-01-01",
          "breed": "Breed name",
          "color": "brown greyish"
        },
        "type": "object",
        "required": [
          "breed",
          "color",
          "dateOfBirth"
        ]
      }
    },
    "securitySchemes": {
      "googleAuth": {
        "scheme": "bearer",
        "type": "http"
      }
    }
  },
  "openapi": "3.0.0"
}